// Jest Snapshot v1, https://goo.gl/fbAQLP

exports[`<Index /> <IconButton /> should render without throwing an error 1`] = `
<Styled(button)>
  <i
    className="material-icons"
  >
    done
  </i>
</Styled(button)>
`;
